// Jest Snapshot v1, https://goo.gl/fbAQLP

exports[`renders correctly 1`] = `
<ul
  className="pagination"
>
  <li
    className="page-item disabled"
  >
    <span
      className="page-link"
      disabled={true}
      onClick={[Function]}
    >
      <span
        aria-hidden="true"
      >
        ‹
      </span>
      <span
        className="sr-only"
      >
        Previous
      </span>
    </span>
  </li>
  <li
    className="page-item active"
  >
    <span
      className="page-link"
      disabled={false}
      onClick={[Function]}
    >
      1
      <span
        className="sr-only"
      >
        (current)
      </span>
    </span>
  </li>
  <li
    className="page-item"
  >
    <a
      className="page-link"
      href="#"
      onClick={[Function]}
      onKeyDown={[Function]}
      role="button"
    >
      2
    </a>
  </li>
  <li
    className="page-item"
  >
    <a
      className="page-link"
      href="#"
      onClick={[Function]}
      onKeyDown={[Function]}
      role="button"
    >
      3
    </a>
  </li>
  <li
    className="page-item"
  >
    <a
      className="page-link"
      href="#"
      onClick={[Function]}
      onKeyDown={[Function]}
      role="button"
    >
      4
    </a>
  </li>
  <li
    className="page-item"
  >
    <a
      className="page-link"
      href="#"
      onClick={[Function]}
      onKeyDown={[Function]}
      role="button"
    >
      5
    </a>
  </li>
  <li
    className="page-item"
  >
    <a
      className="page-link"
      href="#"
      onClick={[Function]}
      onKeyDown={[Function]}
      role="button"
    >
      <span
        aria-hidden="true"
      >
        ›
      </span>
      <span
        className="sr-only"
      >
        Next
      </span>
    </a>
  </li>
</ul>
`;
